-- Logs begin at Mon 2013-10-07 15:52:16 CEST, end at Wed 2014-12-03 15:22:24 CET. --
{ "__CURSOR" : "s=c1b8bbadd8f44042978e22cb207541de;i=1dde8;b=334317f877514e93b7e8b27a6517361a;m=1347e1fe43;t=5089570ef5fea;x=ccaf31984fcfdcfe", "__REALTIME_TIMESTAMP" : "1416812821438442", "__MONOTONIC_TIMESTAMP" : "82810371651", "_BOOT_ID" : "334317f877514e93b7e8b27a6517361a", "PRIORITY" : "6", "_UID" : "0", "_GID" : "0", "_SYSTEMD_SLICE" : "system.slice", "_MACHINE_ID" : "748ae10e72127f398385390123456789", "_HOSTNAME" : "testshost", "SYSLOG_FACILITY" : "3", "_CAP_EFFECTIVE" : "3fffffffff", "_TRANSPORT" : "stdout", "_SYSTEMD_UNIT" : "nfs.service", "SYSLOG_IDENTIFIER" : "nfs", "_COMM" : "nfs", "MESSAGE" : "Shutting down NFS client services: gssd..done", "_PID" : "11870", "_SYSTEMD_CGROUP" : "/system.slice/nfs.service/control" }
{ "__CURSOR" : "s=c1b8bbadd8f44042978e22cb207541de;i=1dde9;b=334317f877514e93b7e8b27a6517361a;m=1347e422cd;t=5089570f18474;x=a0f425609dd8b079", "__REALTIME_TIMESTAMP" : "1416812821578868", "__MONOTONIC_TIMESTAMP" : "82810512077", "_BOOT_ID" : "334317f877514e93b7e8b27a6517361a", "_UID" : "0", "_GID" : "0", "_SYSTEMD_SLICE" : "system.slice", "_MACHINE_ID" : "748ae10e72127f398385390123456789", "_HOSTNAME" : "testshost", "PRIORITY" : "5", "SYSLOG_FACILITY" : "3", "_CAP_EFFECTIVE" : "3fffffffff", "_TRANSPORT" : "syslog", "SYSLOG_IDENTIFIER" : "wickedd-dhcp4", "_COMM" : "wickedd-dhcp4", "_EXE" : "/usr/lib/wicked/bin/wickedd-dhcp4", "_CMDLINE" : "/usr/lib/wicked/bin/wickedd-dhcp4 --systemd --foreground", "_SYSTEMD_CGROUP" : "/system.slice/wickedd-dhcp4.service", "_SYSTEMD_UNIT" : "wickedd-dhcp4.service", "SYSLOG_PID" : "1189", "_PID" : "1189", "MESSAGE" : "br0: Request to release DHCPv4 lease with UUID b2957154-c9a2-0400-ac04-000005000000", "_SOURCE_REALTIME_TIMESTAMP" : "1416812821578626" }
{ "__CURSOR" : "s=c1b8bbadd8f44042978e22cb207541de;i=1ddea;b=334317f877514e93b7e8b27a6517361a;m=1347e600ad;t=5089570f36254;x=9ad8e8c9feb54187", "__REALTIME_TIMESTAMP" : "1416812821701204", "__MONOTONIC_TIMESTAMP" : "82810634413", "_BOOT_ID" : "334317f877514e93b7e8b27a6517361a", "_UID" : "0", "_GID" : "0", "_SYSTEMD_SLICE" : "system.slice", "_MACHINE_ID" : "748ae10e72127f398385390123456789", "_HOSTNAME" : "testshost", "SYSLOG_FACILITY" : "3", "PRIORITY" : "3", "_CAP_EFFECTIVE" : "3fffffffff", "_TRANSPORT" : "syslog", "SYSLOG_IDENTIFIER" : "wickedd-dhcp6", "_COMM" : "wickedd-dhcp6", "_EXE" : "/usr/lib/wicked/bin/wickedd-dhcp6", "_CMDLINE" : "/usr/lib/wicked/bin/wickedd-dhcp6 --systemd --foreground", "_SYSTEMD_CGROUP" : "/system.slice/wickedd-dhcp6.service", "_SYSTEMD_UNIT" : "wickedd-dhcp6.service", "MESSAGE" : "br0: no lease set", "SYSLOG_PID" : "1191", "_PID" : "1191", "_SOURCE_REALTIME_TIMESTAMP" : "1416812821700946" }
{ "__CURSOR" : "s=c1b8bbadd8f44042978e22cb207541de;i=1ddeb;b=334317f877514e93b7e8b27a6517361a;m=1347e6106d;t=5089570f37214;x=7a2fd4070d623d6a", "__REALTIME_TIMESTAMP" : "1416812821705236", "__MONOTONIC_TIMESTAMP" : "82810638445", "_BOOT_ID" : "334317f877514e93b7e8b27a6517361a", "PRIORITY" : "6", "_MACHINE_ID" : "748ae10e72127f398385390123456789", "_HOSTNAME" : "testshost", "_TRANSPORT" : "kernel", "SYSLOG_FACILITY" : "0", "SYSLOG_IDENTIFIER" : "kernel", "MESSAGE" : "br0: port 1(enp5s0) entered disabled state", "_SOURCE_MONOTONIC_TIMESTAMP" : "82878377634" }
-- Reboot --
{ "__CURSOR" : "s=c1b8bbadd8f44042978e22cb207541de;i=1ddfe;b=0dc4f86993a943d9bb862835c2b3dc36;m=1bd321;t=50895a5b649f2;x=2045db305368330", "__REALTIME_TIMESTAMP" : "1416813706889714", "__MONOTONIC_TIMESTAMP" : "1823521", "_BOOT_ID" : "0dc4f86993a943d9bb862835c2b3dc36", "PRIORITY" : "6", "_TRANSPORT" : "driver", "MESSAGE" : "Runtime journal is using 8.0M (max allowed 601.4M, trying to leave 902.2M free of 5.8G available \uffffffe2\uffffff86\uffffff92 current limit 601.4M).", "MESSAGE_ID" : "ec387f577b844b8fa948f33cad9a75e6", "_PID" : "217", "_UID" : "0", "_GID" : "0", "_COMM" : "systemd-journal", "_EXE" : "/usr/lib/systemd/systemd-journald", "_CMDLINE" : "/usr/lib/systemd/systemd-journald", "_CAP_EFFECTIVE" : "4402800cf", "_SYSTEMD_CGROUP" : "/system.slice/systemd-journald.service", "_SYSTEMD_UNIT" : "systemd-journald.service", "_SYSTEMD_SLICE" : "system.slice", "_MACHINE_ID" : "748ae10e72127f398385390123456789", "_HOSTNAME" : "testshost" }
{ "__CURSOR" : "s=c1b8bbadd8f44042978e22cb207541de;i=1ddff;b=0dc4f86993a943d9bb862835c2b3dc36;m=1bd3ab;t=50895a5b64a7d;x=2045db305368330", "__REALTIME_TIMESTAMP" : "1416813706889853", "__MONOTONIC_TIMESTAMP" : "1823659", "_BOOT_ID" : "0dc4f86993a943d9bb862835c2b3dc36", "PRIORITY" : "6", "_TRANSPORT" : "driver", "MESSAGE" : "Runtime journal is using 8.0M (max allowed 601.4M, trying to leave 902.2M free of 5.8G available \uffffffe2\uffffff86\uffffff92 current limit 601.4M).", "MESSAGE_ID" : "ec387f577b844b8fa948f33cad9a75e6", "_PID" : "217", "_UID" : "0", "_GID" : "0", "_COMM" : "systemd-journal", "_EXE" : "/usr/lib/systemd/systemd-journald", "_CMDLINE" : "/usr/lib/systemd/systemd-journald", "_CAP_EFFECTIVE" : "4402800cf", "_SYSTEMD_CGROUP" : "/system.slice/systemd-journald.service", "_SYSTEMD_UNIT" : "systemd-journald.service", "_SYSTEMD_SLICE" : "system.slice", "_MACHINE_ID" : "748ae10e72127f398385390123456789", "_HOSTNAME" : "testshost" }
{ "__CURSOR" : "s=c1b8bbadd8f44042978e22cb207541de;i=1de00;b=0dc4f86993a943d9bb862835c2b3dc36;m=1bd3c9;t=50895a5b64a9a;x=2f7c287e02317ef9", "__REALTIME_TIMESTAMP" : "1416813706889882", "__MONOTONIC_TIMESTAMP" : "1823689", "_BOOT_ID" : "0dc4f86993a943d9bb862835c2b3dc36", "PRIORITY" : "6", "_MACHINE_ID" : "748ae10e72127f398385390123456789", "_HOSTNAME" : "testshost", "_SOURCE_MONOTONIC_TIMESTAMP" : "0", "_TRANSPORT" : "kernel", "SYSLOG_FACILITY" : "0", "SYSLOG_IDENTIFIER" : "kernel", "MESSAGE" : "CPU0 microcode updated early to revision 0x19, date = 2013-06-21" }
